340.127 Mumbai High Asset, UT OFFSHORE
38.202 Mumbai High Asset, UT OFFSHORE
454.864 Mumbai High Asset, UT OFFSHORE
336.095 Mumbai High Asset, UT OFFSHORE
60.530 Mumbai High Asset, UT OFFSHORE
183.695 Mumbai High Asset, UT OFFSHORE
36.245 Mumbai High Asset, UT OFFSHORE
101.021 Mumbai High Asset, UT OFFSHORE
117.878 Mumbai High Asset, UT OFFSHORE
173.706 Mumbai High Asset, UT OFFSHORE
169.570 Mumbai High Asset, UT OFFSHORE
128.869 Mumbai High Asset, UT OFFSHORE
156.438 Mumbai High Asset, UT OFFSHORE
158.038 Mumbai High Asset, UT OFFSHORE
117.072 Mumbai High Asset, UT OFFSHORE
96.195 Mumbai High Asset, UT OFFSHORE
94.387 Mumbai High Asset, UT OFFSHORE
115.765 Mumbai High Asset, UT OFFSHORE
48.856 Mumbai High Asset, UT OFFSHORE
89.711 Mumbai High Asset, UT OFFSHORE
142.189 Mumbai High Asset, UT OFFSHORE
106.816 Mumbai High Asset, UT OFFSHORE
139.445 Mumbai High Asset, UT OFFSHORE
226.255 Mumbai High Asset, UT OFFSHORE
288.176 Mumbai High Asset, UT OFFSHORE
97.711 Mumbai High Asset, UT OFFSHORE
63.117 Mumbai High Asset, UT OFFSHORE
192.286 Mumbai High Asset, UT OFFSHORE
99.206 Mumbai High Asset, UT OFFSHORE
116.018 Mumbai High Asset, UT OFFSHORE
115.271 Mumbai High Asset, UT OFFSHORE
132.401 Mumbai High Asset, UT OFFSHORE
146.553 Mumbai High Asset, UT OFFSHORE
65.927 Mumbai High Asset, UT OFFSHORE
172.554 Mumbai High Asset, UT OFFSHORE
229.630 Mumbai High Asset, UT OFFSHORE
165.407 Mumbai High Asset, UT OFFSHORE
87.090 Mumbai High Asset, UT OFFSHORE
139.171 Mumbai High Asset, UT OFFSHORE
248.478 Mumbai High Asset, UT OFFSHORE
271.950 Mumbai High Asset, UT OFFSHORE
154.410 Mumbai High Asset, UT OFFSHORE
91.597 Mumbai High Asset, UT OFFSHORE
70.116 Mumbai High Asset, UT OFFSHORE
171.247 Mumbai High Asset, UT OFFSHORE
124.180 Mumbai High Asset, UT OFFSHORE
188.430 Mumbai High Asset, UT OFFSHORE
83.318 Mumbai High Asset, UT OFFSHORE
185.939 Mumbai High Asset, UT OFFSHORE
220.883 Mumbai High Asset, UT OFFSHORE
329.370 Mumbai High Asset, UT OFFSHORE
45.409 Mumbai High Asset, UT OFFSHORE
181.614 Mumbai High Asset, UT OFFSHORE
69.563 Mumbai High Asset, UT OFFSHORE
232.784 Mumbai High Asset, UT OFFSHORE
67.586 Mumbai High Asset, UT OFFSHORE
124.896 Mumbai High Asset, UT OFFSHORE
147.756 Mumbai High Asset, UT OFFSHORE
141.805 Mumbai High Asset, UT OFFSHORE
104.721 Mumbai High Asset, UT OFFSHORE
302.172 Mumbai High Asset, UT OFFSHORE
70.903 Mumbai High Asset, UT OFFSHORE
190.459 Mumbai High Asset, UT OFFSHORE
205.229 Mumbai High Asset, UT OFFSHORE
99.369 Mumbai High Asset, UT OFFSHORE
216.766 Mumbai High Asset, UT OFFSHORE
63.807 Mumbai High Asset, UT OFFSHORE
94.387 Mumbai High Asset, UT OFFSHORE
141.916 Mumbai High Asset, UT OFFSHORE
133.226 Mumbai High Asset, UT OFFSHORE
63.807 Mumbai High Asset, UT OFFSHORE
194.803 Mumbai High Asset, UT OFFSHORE
418.008 Mumbai High Asset, UT OFFSHORE
261.465 Mumbai High Asset, UT OFFSHORE
872.794 Mumbai High Asset, UT OFFSHORE
525.468 Mumbai High Asset, UT OFFSHORE
255.567 Mumbai High Asset, UT OFFSHORE
47.398 Mumbai High Asset, UT OFFSHORE
106.581 Mumbai High Asset, UT OFFSHORE
141.292 Mumbai High Asset, UT OFFSHORE
126.756 Mumbai High Asset, UT OFFSHORE
131.484 Mumbai High Asset, UT OFFSHORE
235.412 Mumbai High Asset, UT OFFSHORE
141.181 Mumbai High Asset, UT OFFSHORE
171.065 Mumbai High Asset, UT OFFSHORE
265.478 Mumbai High Asset, UT OFFSHORE
100.650 Mumbai High Asset, UT OFFSHORE
83.442 Mumbai High Asset, UT OFFSHORE
191.324 Mumbai High Asset, UT OFFSHORE
43.223 Mumbai High Asset, UT OFFSHORE
91.610 Mumbai High Asset, UT OFFSHORE
167.807 Mumbai High Asset, UT OFFSHORE
4.501 Mumbai High Asset, UT OFFSHORE
135.503 Mumbai High Asset, UT OFFSHORE
73.739 Mumbai High Asset, UT OFFSHORE
128.889 Mumbai High Asset, UT OFFSHORE
150.904 Mumbai High Asset, UT OFFSHORE
195.538 Mumbai High Asset, UT OFFSHORE
67.891 Mumbai High Asset, UT OFFSHORE
95.981 Mumbai High Asset, UT OFFSHORE
31.731 Mumbai High Asset, UT OFFSHORE
106.874 Mumbai High Asset, UT OFFSHORE
108.195 Mumbai High Asset, UT OFFSHORE
162.558 Mumbai High Asset, UT OFFSHORE
46.533 Mumbai High Asset, UT OFFSHORE
210.581 Mumbai High Asset, UT OFFSHORE
186.725 Mumbai High Asset, UT OFFSHORE
260.087 Mumbai High Asset, UT OFFSHORE
117.195 Mumbai High Asset, UT OFFSHORE
283.695 Mumbai High Asset, UT OFFSHORE
133.117 Mumbai High Asset, UT OFFSHORE
159.001 Mumbai High Asset, UT OFFSHORE
58.903 Mumbai High Asset, UT OFFSHORE
162.825 Mumbai High Asset, UT OFFSHORE
36.869 Mumbai High Asset, UT OFFSHORE
54.214 Mumbai High Asset, UT OFFSHORE
116.559 Mumbai High Asset, UT OFFSHORE
92.176 Mumbai High Asset, UT OFFSHORE
68.867 Mumbai High Asset, UT OFFSHORE
63.469 Mumbai High Asset, UT OFFSHORE
151.118 Mumbai High Asset, UT OFFSHORE
181.256 Mumbai High Asset, UT OFFSHORE
102.588 Mumbai High Asset, UT OFFSHORE
148.536 Mumbai High Asset, UT OFFSHORE
196.735 Mumbai High Asset, UT OFFSHORE
64.763 Mumbai High Asset, UT OFFSHORE
134.846 Mumbai High Asset, UT OFFSHORE
139.536 Mumbai High Asset, UT OFFSHORE
101.685 Mumbai High Asset, UT OFFSHORE
234.963 Mumbai High Asset, UT OFFSHORE
200.708 Mumbai High Asset, UT OFFSHORE
288.189 Mumbai High Asset, UT OFFSHORE
141.513 Mumbai High Asset, UT OFFSHORE
374.628 Mumbai High Asset, UT OFFSHORE
202.159 Mumbai High Asset, UT OFFSHORE
184.730 Mumbai High Asset, UT OFFSHORE
110.438 Mumbai High Asset, UT OFFSHORE
113.794 Mumbai High Asset, UT OFFSHORE
171.800 Mumbai High Asset, UT OFFSHORE
173.452 Mumbai High Asset, UT OFFSHORE
97.196 Mumbai High Asset, UT OFFSHORE
0 Mumbai High Asset, UT OFFSHORE
206.452 Mumbai High Asset, UT OFFSHORE
155.117 Mumbai High Asset, UT OFFSHORE
247.030 Mumbai High Asset, UT OFFSHORE
213.071 Mumbai High Asset, UT OFFSHORE
715.656 Mumbai High Asset, UT OFFSHORE
106.881 Mumbai High Asset, UT OFFSHORE
194.159 Mumbai High Asset, UT OFFSHORE
249.203 Mumbai High Asset, UT OFFSHORE
352.563 Mumbai High Asset, UT OFFSHORE
212.461 Mumbai High Asset, UT OFFSHORE
121.346 Mumbai High Asset, UT OFFSHORE
153.006 Mumbai High Asset, UT OFFSHORE
130.806 Mumbai High Asset, UT OFFSHORE
232.225 Mumbai High Asset, UT OFFSHORE
110.480 Mumbai High Asset, UT OFFSHORE
101.549 Mumbai High Asset, UT OFFSHORE
636.666 Mumbai High Asset, UT OFFSHORE
115.595 Mumbai High Asset, UT OFFSHORE
181.756 Mumbai High Asset, UT OFFSHORE
1.949 Mumbai High Asset, UT OFFSHORE
148.452 Mumbai High Asset, UT OFFSHORE
199.361 Mumbai High Asset, UT OFFSHORE
145.063 Mumbai High Asset, UT OFFSHORE
201.025 Mumbai High Asset, UT OFFSHORE
156.037 Mumbai High Asset, UT OFFSHORE
156.789 Mumbai High Asset, UT OFFSHORE
201.060 Mumbai High Asset, UT OFFSHORE
151.199 Mumbai High Asset, UT OFFSHORE
192.575 Mumbai High Asset, UT OFFSHORE
116.902 Mumbai High Asset, UT OFFSHORE
147.416 Mumbai High Asset, UT OFFSHORE
110.885 Mumbai High Asset, UT OFFSHORE
158.778 Mumbai High Asset, UT OFFSHORE
611.544 Mumbai High Asset, UT OFFSHORE
118.092 Mumbai High Asset, UT OFFSHORE
419.523 Mumbai High Asset, UT OFFSHORE
145.738 Mumbai High Asset, UT OFFSHORE
170.395 Mumbai High Asset, UT OFFSHORE
109.980 Mumbai High Asset, UT OFFSHORE
234.032 Mumbai High Asset, UT OFFSHORE
89.335 Mumbai High Asset, UT OFFSHORE
47.270 Mumbai High Asset, UT OFFSHORE
144.859 Mumbai High Asset, UT OFFSHORE
125.589 Mumbai High Asset, UT OFFSHORE
36.220 Mumbai High Asset, UT OFFSHORE
10.007 Mumbai High Asset, UT OFFSHORE
114.546 Mumbai High Asset, UT OFFSHORE
144.156 Mumbai High Asset, UT OFFSHORE
111.873 Mumbai High Asset, UT OFFSHORE
176.200 Mumbai High Asset, UT OFFSHORE
137.694 Mumbai High Asset, UT OFFSHORE
294.787 Mumbai High Asset, UT OFFSHORE
66.147 Mumbai High Asset, UT OFFSHORE
158.128 Mumbai High Asset, UT OFFSHORE
68.664 Mumbai High Asset, UT OFFSHORE
23.236 Mumbai High Asset, UT OFFSHORE
77.257 Mumbai High Asset, UT OFFSHORE
51.735 Mumbai High Asset, UT OFFSHORE
20.536 Mumbai High Asset, UT OFFSHORE
196.601 Mumbai High Asset, UT OFFSHORE
191.797 Mumbai High Asset, UT OFFSHORE
239.993 Mumbai High Asset, UT OFFSHORE
39.799 Mumbai High Asset, UT OFFSHORE
121.381 Mumbai High Asset, UT OFFSHORE
89.654 Mumbai High Asset, UT OFFSHORE
189.124 Mumbai High Asset, UT OFFSHORE
109.857 Mumbai High Asset, UT OFFSHORE
177.006 Mumbai High Asset, UT OFFSHORE
135.861 Mumbai High Asset, UT OFFSHORE
141.117 Mumbai High Asset, UT OFFSHORE
144.183 Mumbai High Asset, UT OFFSHORE
58.055 Mumbai High Asset, UT OFFSHORE
48.987 Mumbai High Asset, UT OFFSHORE
9.466 Mumbai High Asset, UT OFFSHORE
90.370 Mumbai High Asset, UT OFFSHORE
75.153 Mumbai High Asset, UT OFFSHORE
149.359 Mumbai High Asset, UT OFFSHORE
170.469 Mumbai High Asset, UT OFFSHORE
191.594 Mumbai High Asset, UT OFFSHORE
43.183 Mumbai High Asset, UT OFFSHORE
169.739 Mumbai High Asset, UT OFFSHORE
365.000 Mumbai High Asset, UT OFFSHORE
94.024 Mumbai High Asset, UT OFFSHORE
245.168 Mumbai High Asset, UT OFFSHORE
200.573 Mumbai High Asset, UT OFFSHORE
137.349 Mumbai High Asset, UT OFFSHORE
172.216 Mumbai High Asset, UT OFFSHORE
115.432 Mumbai High Asset, UT OFFSHORE
352.902 Mumbai High Asset, UT OFFSHORE
54.908 Mumbai High Asset, UT OFFSHORE
83.902 Mumbai High Asset, UT OFFSHORE
94.018 Mumbai High Asset, UT OFFSHORE
287.660 Mumbai High Asset, UT OFFSHORE
236.664 Mumbai High Asset, UT OFFSHORE
155.069 Mumbai High Asset, UT OFFSHORE
236.123 Mumbai High Asset, UT OFFSHORE
199.329 Mumbai High Asset, UT OFFSHORE
288.378 Mumbai High Asset, UT OFFSHORE
120.778 Mumbai High Asset, UT OFFSHORE
156.024 Mumbai High Asset, UT OFFSHORE
87.563 Mumbai High Asset, UT OFFSHORE
236.792 Mumbai High Asset, UT OFFSHORE
176.208 Mumbai High Asset, UT OFFSHORE
207.183 Mumbai High Asset, UT OFFSHORE
147.951 Mumbai High Asset, UT OFFSHORE
145.177 Mumbai High Asset, UT OFFSHORE
203.894 Mumbai High Asset, UT OFFSHORE
261.983 Mumbai High Asset, UT OFFSHORE
173.204 Mumbai High Asset, UT OFFSHORE
344.235 Mumbai High Asset, UT OFFSHORE
461.480 Mumbai High Asset, UT OFFSHORE
134.425 Mumbai High Asset, UT OFFSHORE
657.406 Mumbai High Asset, UT OFFSHORE
147.836 Mumbai High Asset, UT OFFSHORE
405.308 Mumbai High Asset, UT OFFSHORE
315.986 Mumbai High Asset, UT OFFSHORE
407.175 Mumbai High Asset, UT OFFSHORE
133.736 Mumbai High Asset, UT OFFSHORE
104.430 Mumbai High Asset, UT OFFSHORE
0 Mumbai High Asset, UT OFFSHORE
194.557 Mumbai High Asset, UT OFFSHORE
7.783 Mumbai High Asset, UT OFFSHORE
111.894 Mumbai High Asset, UT OFFSHORE
74.026 Mumbai High Asset, UT OFFSHORE
134.050 Mumbai High Asset, UT OFFSHORE
92.853 Mumbai High Asset, UT OFFSHORE
284.092 Mumbai High Asset, UT OFFSHORE
98.589 Mumbai High Asset, UT OFFSHORE
268.100 Mumbai High Asset, UT OFFSHORE
55.412 Mumbai High Asset, UT OFFSHORE
118.900 Mumbai High Asset, UT OFFSHORE
202.981 Mumbai High Asset, UT OFFSHORE
97.666 Mumbai High Asset, UT OFFSHORE
111.467 Mumbai High Asset, UT OFFSHORE
91.233 Mumbai High Asset, UT OFFSHORE
161.863 Mumbai High Asset, UT OFFSHORE
193.219 Mumbai High Asset, UT OFFSHORE
87.410 Mumbai High Asset, UT OFFSHORE
224.362 Mumbai High Asset, UT OFFSHORE
67.312 Mumbai High Asset, UT OFFSHORE
100.568 Mumbai High Asset, UT OFFSHORE
0.923 Mumbai High Asset, UT OFFSHORE
105.528 Mumbai High Asset, UT OFFSHORE
108.644 Mumbai High Asset, UT OFFSHORE
172.975 Mumbai High Asset, UT OFFSHORE
143.249 Mumbai High Asset, UT OFFSHORE
54.783 Mumbai High Asset, UT OFFSHORE
144.453 Mumbai High Asset, UT OFFSHORE
106.237 Mumbai High Asset, UT OFFSHORE
133.555 Mumbai High Asset, UT OFFSHORE
80.336 Mumbai High Asset, UT OFFSHORE
30.288 Mumbai High Asset, UT OFFSHORE
81.033 Mumbai High Asset, UT OFFSHORE
144.802 Mumbai High Asset, UT OFFSHORE
112.254 Mumbai High Asset, UT OFFSHORE
60.586 Mumbai High Asset, UT OFFSHORE
67.019 Mumbai High Asset, UT OFFSHORE
18.974 Mumbai High Asset, UT OFFSHORE
112.816 Mumbai High Asset, UT OFFSHORE
80.403 Mumbai High Asset, UT OFFSHORE
162.718 Mumbai High Asset, UT OFFSHORE
115.436 Mumbai High Asset, UT OFFSHORE
125.198 Mumbai High Asset, UT OFFSHORE
184.368 Mumbai High Asset, UT OFFSHORE
71.552 Mumbai High Asset, UT OFFSHORE
196.548 Mumbai High Asset, UT OFFSHORE
78.063 Mumbai High Asset, UT OFFSHORE
61.857 Mumbai High Asset, UT OFFSHORE
222.235 Mumbai High Asset, UT OFFSHORE
21.943 Mumbai High Asset, UT OFFSHORE
404.264 Mumbai High Asset, UT OFFSHORE
101.985 Mumbai High Asset, UT OFFSHORE
54.356 Mumbai High Asset, UT OFFSHORE
65.253 Mumbai High Asset, UT OFFSHORE
148.277 Mumbai High Asset, UT OFFSHORE
59.383 Mumbai High Asset, UT OFFSHORE
70.348 Mumbai High Asset, UT OFFSHORE
210.415 Mumbai High Asset, UT OFFSHORE
177.226 Mumbai High Asset, UT OFFSHORE
938.406 Mumbai High Asset, UT OFFSHORE
163.842 Mumbai High Asset, UT OFFSHORE
331.015 Mumbai High Asset, UT OFFSHORE
207.233 Mumbai High Asset, UT OFFSHORE
121.735 Mumbai High Asset, UT OFFSHORE
182.883 Mumbai High Asset, UT OFFSHORE
329.890 Mumbai High Asset, UT OFFSHORE
354.014 Mumbai High Asset, UT OFFSHORE
114.234 Mumbai High Asset, UT OFFSHORE
52.230 Mumbai High Asset, UT OFFSHORE
31.209 Mumbai High Asset, UT OFFSHORE
115.571 Mumbai High Asset, UT OFFSHORE
101.142 Mumbai High Asset, UT OFFSHORE
245.596 Mumbai High Asset, UT OFFSHORE
222.101 Mumbai High Asset, UT OFFSHORE
89.322 Mumbai High Asset, UT OFFSHORE
99.793 Mumbai High Asset, UT OFFSHORE
177.470 Mumbai High Asset, UT OFFSHORE
21.088 Mumbai High Asset, UT OFFSHORE
119.894 Mumbai High Asset, UT OFFSHORE
158.230 Mumbai High Asset, UT OFFSHORE
54.007 Mumbai High Asset, UT OFFSHORE
111.332 Mumbai High Asset, UT OFFSHORE
127.819 Mumbai High Asset, UT OFFSHORE
626.219 Mumbai High Asset, UT OFFSHORE
44.875 Mumbai High Asset, UT OFFSHORE
44.020 Mumbai High Asset, UT OFFSHORE
113.952 Mumbai High Asset, UT OFFSHORE
162.853 Mumbai High Asset, UT OFFSHORE
71.203 Mumbai High Asset, UT OFFSHORE
118.687 Mumbai High Asset, UT OFFSHORE
67.514 Mumbai High Asset, UT OFFSHORE
34.752 Mumbai High Asset, UT OFFSHORE
302.212 Mumbai High Asset, UT OFFSHORE
214.521 Mumbai High Asset, UT OFFSHORE
87.410 Mumbai High Asset, UT OFFSHORE
284.374 Mumbai High Asset, UT OFFSHORE
80.617 Mumbai High Asset, UT OFFSHORE
74.240 Mumbai High Asset, UT OFFSHORE
166.250 Mumbai High Asset, UT OFFSHORE
176.304 Mumbai High Asset, UT OFFSHORE
113.378 Mumbai High Asset, UT OFFSHORE
168.802 Mumbai High Asset, UT OFFSHORE
113.165 Mumbai High Asset, UT OFFSHORE
125.131 Mumbai High Asset, UT OFFSHORE
141.551 Mumbai High Asset, UT OFFSHORE
97.666 Mumbai High Asset, UT OFFSHORE
94.765 Mumbai High Asset, UT OFFSHORE
141.057 Mumbai High Asset, UT OFFSHORE
90.031 Mumbai High Asset, UT OFFSHORE
163.494 Mumbai High Asset, UT OFFSHORE
182.816 Mumbai High Asset, UT OFFSHORE
198.876 Mumbai High Asset, UT OFFSHORE
165.687 Mumbai High Asset, UT OFFSHORE
151.460 Mumbai High Asset, UT OFFSHORE
58.888 Mumbai High Asset, UT OFFSHORE
67.233 Mumbai High Asset, UT OFFSHORE
94.764 Mumbai High Asset, UT OFFSHORE
85.992 Mumbai High Asset, UT OFFSHORE
123.715 Mumbai High Asset, UT OFFSHORE
58.809 Mumbai High Asset, UT OFFSHORE
0 Mumbai High Asset, UT OFFSHORE
119.589 Mumbai High Asset, UT OFFSHORE
92.498 Mumbai High Asset, UT OFFSHORE
239.380 Mumbai High Asset, UT OFFSHORE
65.406 Mumbai High Asset, UT OFFSHORE
240.110 Mumbai High Asset, UT OFFSHORE
159.781 Mumbai High Asset, UT OFFSHORE
211.386 Mumbai High Asset, UT OFFSHORE
109.010 Mumbai High Asset, UT OFFSHORE
271.766 Mumbai High Asset, UT OFFSHORE
73.237 Mumbai High Asset, UT OFFSHORE
73.984 Mumbai High Asset, UT OFFSHORE
73.237 Mumbai High Asset, UT OFFSHORE
3.531 Mumbai High Asset, UT OFFSHORE
117.589 Mumbai High Asset, UT OFFSHORE
56.414 Mumbai High Asset, UT OFFSHORE
67.722 Mumbai High Asset, UT OFFSHORE
83.576 Mumbai High Asset, UT OFFSHORE
140.157 Mumbai High Asset, UT OFFSHORE
105.409 Mumbai High Asset, UT OFFSHORE
122.682 Mumbai High Asset, UT OFFSHORE
185.958 Mumbai High Asset, UT OFFSHORE
40.649 Mumbai High Asset, UT OFFSHORE
198.933 Mumbai High Asset, UT OFFSHORE
453.675 Mumbai High Asset, UT OFFSHORE
145.255 Mumbai High Asset, UT OFFSHORE
190.594 Mumbai High Asset, UT OFFSHORE
162.249 Mumbai High Asset, UT OFFSHORE
49.861 Mumbai High Asset, UT OFFSHORE
66.291 Mumbai High Asset, UT OFFSHORE
133.574 Mumbai High Asset, UT OFFSHORE
480.226 Mumbai High Asset, UT OFFSHORE
80.763 Mumbai High Asset, UT OFFSHORE
179.214 Mumbai High Asset, UT OFFSHORE
191.490 Mumbai High Asset, UT OFFSHORE
135.456 Mumbai High Asset, UT OFFSHORE
342.895 Mumbai High Asset, UT OFFSHORE
154.391 Mumbai High Asset, UT OFFSHORE
295.236 Mumbai High Asset, UT OFFSHORE
241.054 Mumbai High Asset, UT OFFSHORE
221.383 Mumbai High Asset, UT OFFSHORE
79.499 Mumbai High Asset, UT OFFSHORE
206.501 Mumbai High Asset, UT OFFSHORE
168.186 Mumbai High Asset, UT OFFSHORE
282.130 Mumbai High Asset, UT OFFSHORE
146.306 Mumbai High Asset, UT OFFSHORE
200.151 Mumbai High Asset, UT OFFSHORE
127.050 Mumbai High Asset, UT OFFSHORE
96.920 Mumbai High Asset, UT OFFSHORE
67.514 Mumbai High Asset, UT OFFSHORE
54.924 Mumbai High Asset, UT OFFSHORE
216.859 Mumbai High Asset, UT OFFSHORE
156.166 Mumbai High Asset, UT OFFSHORE
87.838 Mumbai High Asset, UT OFFSHORE
286.219 Mumbai High Asset, UT OFFSHORE
75.118 Mumbai High Asset, UT OFFSHORE
55.791 Mumbai High Asset, UT OFFSHORE
107.592 Mumbai High Asset, UT OFFSHORE
217.572 Mumbai High Asset, UT OFFSHORE
202.738 Mumbai High Asset, UT OFFSHORE
282.670 Mumbai High Asset, UT OFFSHORE
110.881 Mumbai High Asset, UT OFFSHORE
135.200 Mumbai High Asset, UT OFFSHORE
244.751 Mumbai High Asset, UT OFFSHORE
265.545 Mumbai High Asset, UT OFFSHORE
254.100 Mumbai High Asset, UT OFFSHORE
123.157 Mumbai High Asset, UT OFFSHORE
207.379 Mumbai High Asset, UT OFFSHORE
86.289 Mumbai High Asset, UT OFFSHORE
69.307 Mumbai High Asset, UT OFFSHORE
143.564 Mumbai High Asset, UT OFFSHORE
176.056 Mumbai High Asset, UT OFFSHORE
100.102 Mumbai High Asset, UT OFFSHORE
127.050 Mumbai High Asset, UT OFFSHORE
106.168 Mumbai High Asset, UT OFFSHORE
322.327 Mumbai High Asset, UT OFFSHORE
155.079 Mumbai High Asset, UT OFFSHORE
89.779 Mumbai High Asset, UT OFFSHORE
198.975 Mumbai High Asset, UT OFFSHORE
77.094 Mumbai High Asset, UT OFFSHORE
225.128 Mumbai High Asset, UT OFFSHORE
220.415 Mumbai High Asset, UT OFFSHORE
72.316 Mumbai High Asset, UT OFFSHORE
96.439 Mumbai High Asset, UT OFFSHORE
1324.793 Mumbai High Asset, UT OFFSHORE
121.162 Mumbai High Asset, UT OFFSHORE
147.618 Mumbai High Asset, UT OFFSHORE
302.697 Mumbai High Asset, UT OFFSHORE
155.814 Mumbai High Asset, UT OFFSHORE
141.095 Mumbai High Asset, UT OFFSHORE
172.756 Mumbai High Asset, UT OFFSHORE
1.799 Mumbai High Asset, UT OFFSHORE
511.959 Mumbai High Asset, UT OFFSHORE
179.962 Mumbai High Asset, UT OFFSHORE
139.575 Mumbai High Asset, UT OFFSHORE
83.980 Mumbai High Asset, UT OFFSHORE
181.233 Mumbai High Asset, UT OFFSHORE
93.424 Mumbai High Asset, UT OFFSHORE
117.019 Mumbai High Asset, UT OFFSHORE
33.638 Mumbai High Asset, UT OFFSHORE
181.743 Mumbai High Asset, UT OFFSHORE
54.562 Mumbai High Asset, UT OFFSHORE
0.006 Mumbai High Asset, UT OFFSHORE
146.265 Mumbai High Asset, UT OFFSHORE
84.181 Mumbai High Asset, UT OFFSHORE
128.421 Mumbai High Asset, UT OFFSHORE
121.874 Mumbai High Asset, UT OFFSHORE
204.709 Mumbai High Asset, UT OFFSHORE
100.279 Mumbai High Asset, UT OFFSHORE
118.871 Mumbai High Asset, UT OFFSHORE
42.655 Mumbai High Asset, UT OFFSHORE
491.390 Mumbai High Asset, UT OFFSHORE
126.978 Mumbai High Asset, UT OFFSHORE
509.211 Mumbai High Asset, UT OFFSHORE
207.065 Mumbai High Asset, UT OFFSHORE
207.422 Mumbai High Asset, UT OFFSHORE
115.648 Mumbai High Asset, UT OFFSHORE
84.093 Mumbai High Asset, UT OFFSHORE
229.313 Mumbai High Asset, UT OFFSHORE
100.897 Mumbai High Asset, UT OFFSHORE
4.642 Mumbai High Asset, UT OFFSHORE
116.764 Mumbai High Asset, UT OFFSHORE
153.197 Mumbai High Asset, UT OFFSHORE
22.646 Mumbai High Asset, UT OFFSHORE
172.429 Mumbai High Asset, UT OFFSHORE
113.261 Mumbai High Asset, UT OFFSHORE
158.385 Mumbai High Asset, UT OFFSHORE
207.379 Mumbai High Asset, UT OFFSHORE
8.525 Mumbai High Asset, UT OFFSHORE
136.393 Mumbai High Asset, UT OFFSHORE
119.589 Mumbai High Asset, UT OFFSHORE
130.612 Mumbai High Asset, UT OFFSHORE
117.749 Mumbai High Asset, UT OFFSHORE
206.549 Mumbai High Asset, UT OFFSHORE
103.325 Mumbai High Asset, UT OFFSHORE
47.647 Mumbai High Asset, UT OFFSHORE
52.674 Mumbai High Asset, UT OFFSHORE
42.020 Mumbai High Asset, UT OFFSHORE
51.392 Mumbai High Asset, UT OFFSHORE
95.383 Mumbai High Asset, UT OFFSHORE
185.346 Mumbai High Asset, UT OFFSHORE
76.388 Mumbai High Asset, UT OFFSHORE
108.364 Mumbai High Asset, UT OFFSHORE
219.542 Mumbai High Asset, UT OFFSHORE
52.087 Mumbai High Asset, UT OFFSHORE
76.519 Mumbai High Asset, UT OFFSHORE
107.801 Mumbai High Asset, UT OFFSHORE
219.542 Mumbai High Asset, UT OFFSHORE
237.290 Mumbai High Asset, UT OFFSHORE
293.354 Mumbai High Asset, UT OFFSHORE
82.526 Mumbai High Asset, UT OFFSHORE
434.770 Mumbai High Asset, UT OFFSHORE
0 Mumbai High Asset, UT OFFSHORE
126.551 Mumbai High Asset, UT OFFSHORE
70.073 Mumbai High Asset, UT OFFSHORE
145.495 Mumbai High Asset, UT OFFSHORE
206.325 Mumbai High Asset, UT OFFSHORE
118.843 Mumbai High Asset, UT OFFSHORE
146.961 Mumbai High Asset, UT OFFSHORE
81.514 Mumbai High Asset, UT OFFSHORE
257.306 Mumbai High Asset, UT OFFSHORE
75.722 Mumbai High Asset, UT OFFSHORE
168.492 Mumbai High Asset, UT OFFSHORE
148.273 Mumbai High Asset, UT OFFSHORE
426.703 Mumbai High Asset, UT OFFSHORE
57.963 Mumbai High Asset, UT OFFSHORE
95.554 Mumbai High Asset, UT OFFSHORE
183.941 Mumbai High Asset, UT OFFSHORE
191.960 Mumbai High Asset, UT OFFSHORE
45.197 Mumbai High Asset, UT OFFSHORE
56.510 Mumbai High Asset, UT OFFSHORE
289.526 Mumbai High Asset, UT OFFSHORE
129.851 Mumbai High Asset, UT OFFSHORE
149.063 Mumbai High Asset, UT OFFSHORE
91.731 Mumbai High Asset, UT OFFSHORE
57.288 Mumbai High Asset, UT OFFSHORE
94.177 Mumbai High Asset, UT OFFSHORE
48.273 Mumbai High Asset, UT OFFSHORE
122.467 Mumbai High Asset, UT OFFSHORE
132.882 Mumbai High Asset, UT OFFSHORE
217.224 Mumbai High Asset, UT OFFSHORE
180.277 Mumbai High Asset, UT OFFSHORE
161.727 Mumbai High Asset, UT OFFSHORE
103.656 Mumbai High Asset, UT OFFSHORE
157.344 Mumbai High Asset, UT OFFSHORE
273.920 Mumbai High Asset, UT OFFSHORE
222.449 Mumbai High Asset, UT OFFSHORE
42.884 Mumbai High Asset, UT OFFSHORE
182.156 Mumbai High Asset, UT OFFSHORE
47.012 Mumbai High Asset, UT OFFSHORE
195.502 Mumbai High Asset, UT OFFSHORE
27.545 Mumbai High Asset, UT OFFSHORE
123.964 Mumbai High Asset, UT OFFSHORE
69.715 Mumbai High Asset, UT OFFSHORE
350.375 Mumbai High Asset, UT OFFSHORE
149.063 Mumbai High Asset, UT OFFSHORE
165.461 Mumbai High Asset, UT OFFSHORE
165.371 Mumbai High Asset, UT OFFSHORE
336.475 Mumbai High Asset, UT OFFSHORE
82.239 Mumbai High Asset, UT OFFSHORE
60.135 Mumbai High Asset, UT OFFSHORE
227.901 Mumbai High Asset, UT OFFSHORE
100.942 Mumbai High Asset, UT OFFSHORE
400.560 Mumbai High Asset, UT OFFSHORE
482.863 Mumbai High Asset, UT OFFSHORE
182.188 Mumbai High Asset, UT OFFSHORE
132.551 Mumbai High Asset, UT OFFSHORE
174.901 Mumbai High Asset, UT OFFSHORE
66.384 Mumbai High Asset, UT OFFSHORE
45.942 Mumbai High Asset, UT OFFSHORE
45.636 Mumbai High Asset, UT OFFSHORE
86.826 Mumbai High Asset, UT OFFSHORE
329.978 Mumbai High Asset, UT OFFSHORE
340.858 Mumbai High Asset, UT OFFSHORE
546.451 Mumbai High Asset, UT OFFSHORE
87.890 Mumbai High Asset, UT OFFSHORE
297.718 Mumbai High Asset, UT OFFSHORE
203.783 Mumbai High Asset, UT OFFSHORE
359.440 Mumbai High Asset, UT OFFSHORE
237.424 Mumbai High Asset, UT OFFSHORE
132.265 Mumbai High Asset, UT OFFSHORE
166.103 Mumbai High Asset, UT OFFSHORE
230.685 Mumbai High Asset, UT OFFSHORE
120.817 Mumbai High Asset, UT OFFSHORE
176.111 Mumbai High Asset, UT OFFSHORE
361.574 Mumbai High Asset, UT OFFSHORE
360.682 Mumbai High Asset, UT OFFSHORE
110.281 Mumbai High Asset, UT OFFSHORE
136.323 Mumbai High Asset, UT OFFSHORE
90.107 Mumbai High Asset, UT OFFSHORE
35.062 Mumbai High Asset, UT OFFSHORE
49.688 Mumbai High Asset, UT OFFSHORE
308.675 Mumbai High Asset, UT OFFSHORE
94.216 Mumbai High Asset, UT OFFSHORE
211.587 Mumbai High Asset, UT OFFSHORE
128.762 Mumbai High Asset, UT OFFSHORE
172.729 Mumbai High Asset, UT OFFSHORE
165.461 Mumbai High Asset, UT OFFSHORE
165.613 Mumbai High Asset, UT OFFSHORE
184.564 Mumbai High Asset, UT OFFSHORE
261.963 Mumbai High Asset, UT OFFSHORE
170.881 Mumbai High Asset, UT OFFSHORE
151.860 Mumbai High Asset, UT OFFSHORE
131.176 Mumbai High Asset, UT OFFSHORE
379.652 Mumbai High Asset, UT OFFSHORE
103.356 Mumbai High Asset, UT OFFSHORE
99.483 Mumbai High Asset, UT OFFSHORE
176.805 Mumbai High Asset, UT OFFSHORE
139.304 Mumbai High Asset, UT OFFSHORE
84.214 Mumbai High Asset, UT OFFSHORE
64.817 Mumbai High Asset, UT OFFSHORE
89.438 Mumbai High Asset, UT OFFSHORE
118.556 Mumbai High Asset, UT OFFSHORE
75.793 Mumbai High Asset, UT OFFSHORE
51.446 Mumbai High Asset, UT OFFSHORE
389.552 Mumbai High Asset, UT OFFSHORE
132.501 Mumbai High Asset, UT OFFSHORE
214.421 Mumbai High Asset, UT OFFSHORE
159.001 Mumbai High Asset, UT OFFSHORE
160.752 Mumbai High Asset, UT OFFSHORE
304.127 Mumbai High Asset, UT OFFSHORE
189.782 Mumbai High Asset, UT OFFSHORE
287.667 Mumbai High Asset, UT OFFSHORE
81.297 Mumbai High Asset, UT OFFSHORE
115.276 Mumbai High Asset, UT OFFSHORE
152.885 Mumbai High Asset, UT OFFSHORE
248.133 Mumbai High Asset, UT OFFSHORE
205.745 Mumbai High Asset, UT OFFSHORE
377.200 Mumbai High Asset, UT OFFSHORE
88.642 Mumbai High Asset, UT OFFSHORE
107.211 Mumbai High Asset, UT OFFSHORE
115.174 Mumbai High Asset, UT OFFSHORE
187.131 Mumbai High Asset, UT OFFSHORE
174.532 Mumbai High Asset, UT OFFSHORE
252.579 Mumbai High Asset, UT OFFSHORE
62.109 Mumbai High Asset, UT OFFSHORE
71.551 Mumbai High Asset, UT OFFSHORE
57.944 Mumbai High Asset, UT OFFSHORE
83.578 Mumbai High Asset, UT OFFSHORE
115.925 Mumbai High Asset, UT OFFSHORE
111.798 Mumbai High Asset, UT OFFSHORE
375.206 Mumbai High Asset, UT OFFSHORE
326.283 Mumbai High Asset, UT OFFSHORE
275.831 Mumbai High Asset, UT OFFSHORE
46.892 Mumbai High Asset, UT OFFSHORE
137.163 Mumbai High Asset, UT OFFSHORE
173.640 Mumbai High Asset, UT OFFSHORE
254.370 Mumbai High Asset, UT OFFSHORE
184.839 Mumbai High Asset, UT OFFSHORE
91.884 Mumbai High Asset, UT OFFSHORE
33.699 Mumbai High Asset, UT OFFSHORE
143.999 Mumbai High Asset, UT OFFSHORE
301.860 Mumbai High Asset, UT OFFSHORE
45.865 Mumbai High Asset, UT OFFSHORE
169.129 Mumbai High Asset, UT OFFSHORE
127.532 Mumbai High Asset, UT OFFSHORE
80.533 Mumbai High Asset, UT OFFSHORE
144.763 Mumbai High Asset, UT OFFSHORE
366.925 Mumbai High Asset, UT OFFSHORE
183.016 Mumbai High Asset, UT OFFSHORE
188.291 Mumbai High Asset, UT OFFSHORE
76.621 Mumbai High Asset, UT OFFSHORE
74.977 Mumbai High Asset, UT OFFSHORE
58.300 Mumbai High Asset, UT OFFSHORE
105.644 Mumbai High Asset, UT OFFSHORE
108.071 Mumbai High Asset, UT OFFSHORE
57.288 Mumbai High Asset, UT OFFSHORE
175.385 Mumbai High Asset, UT OFFSHORE
55.090 Mumbai High Asset, UT OFFSHORE
36.769 Mumbai High Asset, UT OFFSHORE
90.101 Mumbai High Asset, UT OFFSHORE
67.397 Mumbai High Asset, UT OFFSHORE
109.376 Mumbai High Asset, UT OFFSHORE
288.730 Mumbai High Asset, UT OFFSHORE
192.763 Mumbai High Asset, UT OFFSHORE
79.666 Mumbai High Asset, UT OFFSHORE
26.500 Mumbai High Asset, UT OFFSHORE
101.886 Mumbai High Asset, UT OFFSHORE
52.974 Mumbai High Asset, UT OFFSHORE
111.734 Mumbai High Asset, UT OFFSHORE
47.178 Mumbai High Asset, UT OFFSHORE
103.350 Mumbai High Asset, UT OFFSHORE
118.333 Mumbai High Asset, UT OFFSHORE
137.629 Mumbai High Asset, UT OFFSHORE
101.414 Mumbai High Asset, UT OFFSHORE
130.959 Mumbai High Asset, UT OFFSHORE
114.638 Mumbai High Asset, UT OFFSHORE
291.119 Mumbai High Asset, UT OFFSHORE
243.546 Mumbai High Asset, UT OFFSHORE
179.124 Mumbai High Asset, UT OFFSHORE
230.392 Mumbai High Asset, UT OFFSHORE
193.859 Mumbai High Asset, UT OFFSHORE
232.990 Mumbai High Asset, UT OFFSHORE
100.452 Mumbai High Asset, UT OFFSHORE
180.780 Mumbai High Asset, UT OFFSHORE
55.866 Mumbai High Asset, UT OFFSHORE
94.407 Mumbai High Asset, UT OFFSHORE
80.800 Mumbai High Asset, UT OFFSHORE
79.908 Mumbai High Asset, UT OFFSHORE
98.980 Mumbai High Asset, UT OFFSHORE
37.903 Mumbai High Asset, UT OFFSHORE
169.161 Mumbai High Asset, UT OFFSHORE
248.018 Mumbai High Asset, UT OFFSHORE
213.186 Mumbai High Asset, UT OFFSHORE
128.423 Mumbai High Asset, UT OFFSHORE
158.861 Mumbai High Asset, UT OFFSHORE
128.692 Mumbai High Asset, UT OFFSHORE
262.632 Mumbai High Asset, UT OFFSHORE
171.487 Mumbai High Asset, UT OFFSHORE
364.950 Mumbai High Asset, UT OFFSHORE
167.129 Mumbai High Asset, UT OFFSHORE
101.338 Mumbai High Asset, UT OFFSHORE
183.844 Mumbai High Asset, UT OFFSHORE
198.446 Mumbai High Asset, UT OFFSHORE
149.956 Mumbai High Asset, UT OFFSHORE
166.078 Mumbai High Asset, UT OFFSHORE
237.985 Mumbai High Asset, UT OFFSHORE
82.673 Mumbai High Asset, UT OFFSHORE
170.479 Mumbai High Asset, UT OFFSHORE
164.161 Mumbai High Asset, UT OFFSHORE
75.016 Mumbai High Asset, UT OFFSHORE
89.884 Mumbai High Asset, UT OFFSHORE
122.563 Mumbai High Asset, UT OFFSHORE
105.109 Mumbai High Asset, UT OFFSHORE
549.929 Mumbai High Asset, UT OFFSHORE
45.573 Mumbai High Asset, UT OFFSHORE
234.743 Mumbai High Asset, UT OFFSHORE
389.908 Mumbai High Asset, UT OFFSHORE
289.400 Mumbai High Asset, UT OFFSHORE
189.272 Mumbai High Asset, UT OFFSHORE
6.370 Mumbai High Asset, UT OFFSHORE
6.370 Mumbai High Asset, UT OFFSHORE
61.155 Mumbai High Asset, UT OFFSHORE
58.224 Mumbai High Asset, UT OFFSHORE
131.315 Mumbai High Asset, UT OFFSHORE
52.090 Mumbai High Asset, UT OFFSHORE
250.884 Mumbai High Asset, UT OFFSHORE
167.065 Mumbai High Asset, UT OFFSHORE
137.189 Mumbai High Asset, UT OFFSHORE
36.463 Mumbai High Asset, UT OFFSHORE
76.971 Mumbai High Asset, UT OFFSHORE
82.813 Mumbai High Asset, UT OFFSHORE
229.710 Mumbai High Asset, UT OFFSHORE
80.036 Mumbai High Asset, UT OFFSHORE
250.426 Mumbai High Asset, UT OFFSHORE
223.844 Mumbai High Asset, UT OFFSHORE
78.086 Mumbai High Asset, UT OFFSHORE
382.213 Mumbai High Asset, UT OFFSHORE
45.942 Mumbai High Asset, UT OFFSHORE
49.503 Mumbai High Asset, UT OFFSHORE
87.336 Mumbai High Asset, UT OFFSHORE
0 Mumbai High Asset, UT OFFSHORE
138.213 Mumbai High Asset, UT OFFSHORE
45.513 Mumbai High Asset, UT OFFSHORE
61.761 Mumbai High Asset, UT OFFSHORE
69.013 Mumbai High Asset, UT OFFSHORE
90.838 Mumbai High Asset, UT OFFSHORE
53.819 Mumbai High Asset, UT OFFSHORE
102.130 Mumbai High Asset, UT OFFSHORE
82.837 Mumbai High Asset, UT OFFSHORE
118.496 Mumbai High Asset, UT OFFSHORE
50.291 Mumbai High Asset, UT OFFSHORE
71.062 Mumbai High Asset, UT OFFSHORE
110.811 Mumbai High Asset, UT OFFSHORE
252.797 Mumbai High Asset, UT OFFSHORE
41.236 Mumbai High Asset, UT OFFSHORE
119.176 Mumbai High Asset, UT OFFSHORE
139.641 Mumbai High Asset, UT OFFSHORE
82.660 Mumbai High Asset, UT OFFSHORE
233.327 Mumbai High Asset, UT OFFSHORE
124.158 Mumbai High Asset, UT OFFSHORE
350.090 Mumbai High Asset, UT OFFSHORE
145.369 Mumbai High Asset, UT OFFSHORE
96.963 Mumbai High Asset, UT OFFSHORE
204.560 Mumbai High Asset, UT OFFSHORE
30.072 Mumbai High Asset, UT OFFSHORE
59.652 Mumbai High Asset, UT OFFSHORE
46.872 Mumbai High Asset, UT OFFSHORE
110.190 Mumbai High Asset, UT OFFSHORE
113.846 Mumbai High Asset, UT OFFSHORE
24.249 Mumbai High Asset, UT OFFSHORE
70.806 Mumbai High Asset, UT OFFSHORE
130.961 Mumbai High Asset, UT OFFSHORE
84.207 Mumbai High Asset, UT OFFSHORE
153.032 Mumbai High Asset, UT OFFSHORE
241.446 Mumbai High Asset, UT OFFSHORE
0 Mumbai High Asset, UT OFFSHORE
14.819 Mumbai High Asset, UT OFFSHORE
39.987 Mumbai High Asset, UT OFFSHORE
33.116 Mumbai High Asset, UT OFFSHORE
16.498 Mumbai High Asset, UT OFFSHORE
4.777 Mumbai High Asset, UT OFFSHORE
0 Mumbai High Asset, UT OFFSHORE
65.534 Mumbai High Asset, UT OFFSHORE
280.641 Mumbai High Asset, UT OFFSHORE
179.355 Mumbai High Asset, UT OFFSHORE
177.354 Mumbai High Asset, UT OFFSHORE
434.233 Mumbai High Asset, UT OFFSHORE
370.448 Mumbai High Asset, UT OFFSHORE
285.292 Mumbai High Asset, UT OFFSHORE
156.072 Mumbai High Asset, UT OFFSHORE
683.663 Mumbai High Asset, UT OFFSHORE
332.067 Mumbai High Asset, UT OFFSHORE
340.452 Mumbai High Asset, UT OFFSHORE
357.017 Mumbai High Asset, UT OFFSHORE
240.925 Mumbai High Asset, UT OFFSHORE
1518.340 Mumbai High Asset, UT OFFSHORE
255.170 Mumbai High Asset, UT OFFSHORE
213.134 Mumbai High Asset, UT OFFSHORE
325.789 Mumbai High Asset, UT OFFSHORE
342.524 Mumbai High Asset, UT OFFSHORE
344.470 Mumbai High Asset, UT OFFSHORE
352.910 Mumbai High Asset, UT OFFSHORE
66.721 Mumbai High Asset, UT OFFSHORE
291.213 Mumbai High Asset, UT OFFSHORE
104.656 Mumbai High Asset, UT OFFSHORE
184.363 Mumbai High Asset, UT OFFSHORE
0 Mumbai High Asset, UT OFFSHORE
153.041 Mumbai High Asset, UT OFFSHORE
166.842 Mumbai High Asset, UT OFFSHORE
53.017 Mumbai High Asset, UT OFFSHORE
292.989 Mumbai High Asset, UT OFFSHORE
186.024 Mumbai High Asset, UT OFFSHORE
0.365 Mumbai High Asset, UT OFFSHORE
214.197 Mumbai High Asset, UT OFFSHORE
178.038 Mumbai High Asset, UT OFFSHORE
0.037 Mumbai High Asset, UT OFFSHORE
0.759 Mumbai High Asset, UT OFFSHORE
1075.429 Mumbai High Asset, UT OFFSHORE
197.637 Mumbai High Asset, UT OFFSHORE
0 Mumbai High Asset, UT OFFSHORE
134.998 Mumbai High Asset, UT OFFSHORE
53.998 Mumbai High Asset, UT OFFSHORE
46.238 Mumbai High Asset, UT OFFSHORE
276.963 Mumbai High Asset, UT OFFSHORE
46.798 Mumbai High Asset, UT OFFSHORE
0.006 Mumbai High Asset, UT OFFSHORE
0 Mumbai High Asset, UT OFFSHORE
104.001 Mumbai High Asset, UT OFFSHORE
0 Mumbai High Asset, UT OFFSHORE
0 Neelam Heera Asset, UT OFFSHOR
74.117 Neelam Heera Asset, UT OFFSHOR
52.028 Neelam Heera Asset, UT OFFSHOR
64.148 Neelam Heera Asset, UT OFFSHOR
77.837 Neelam Heera Asset, UT OFFSHOR
32.088 Neelam Heera Asset, UT OFFSHOR
49.792 Neelam Heera Asset, UT OFFSHOR
276.138 Neelam Heera Asset, UT OFFSHOR
216.897 Neelam Heera Asset, UT OFFSHOR
472.878 Neelam Heera Asset, UT OFFSHOR
151.870 Neelam Heera Asset, UT OFFSHOR
93.789 Neelam Heera Asset, UT OFFSHOR
247.243 Neelam Heera Asset, UT OFFSHOR
50.313 Neelam Heera Asset, UT OFFSHOR
260.283 Neelam Heera Asset, UT OFFSHOR
235.227 Neelam Heera Asset, UT OFFSHOR
46.593 Neelam Heera Asset, UT OFFSHOR
52.083 Neelam Heera Asset, UT OFFSHOR
55.492 Neelam Heera Asset, UT OFFSHOR
70.933 Neelam Heera Asset, UT OFFSHOR
59.529 Neelam Heera Asset, UT OFFSHOR
41.523 Neelam Heera Asset, UT OFFSHOR
42.008 Neelam Heera Asset, UT OFFSHOR
105.257 Neelam Heera Asset, UT OFFSHOR
143.504 Neelam Heera Asset, UT OFFSHOR
165.384 Neelam Heera Asset, UT OFFSHOR
75.446 Neelam Heera Asset, UT OFFSHOR
108.681 Neelam Heera Asset, UT OFFSHOR
88.137 Neelam Heera Asset, UT OFFSHOR
24.150 Neelam Heera Asset, UT OFFSHOR
62.110 Neelam Heera Asset, UT OFFSHOR
94.970 Neelam Heera Asset, UT OFFSHOR
72.627 Neelam Heera Asset, UT OFFSHOR
134.238 Neelam Heera Asset, UT OFFSHOR
98.901 Neelam Heera Asset, UT OFFSHOR
142.379 Neelam Heera Asset, UT OFFSHOR
91.589 Neelam Heera Asset, UT OFFSHOR
64.605 Neelam Heera Asset, UT OFFSHOR
66.763 Neelam Heera Asset, UT OFFSHOR
62.440 Neelam Heera Asset, UT OFFSHOR
57.771 Neelam Heera Asset, UT OFFSHOR
51.732 Neelam Heera Asset, UT OFFSHOR
67.024 Neelam Heera Asset, UT OFFSHOR
94.352 Neelam Heera Asset, UT OFFSHOR
28.911 Neelam Heera Asset, UT OFFSHOR
41.431 Neelam Heera Asset, UT OFFSHOR
70.188 Neelam Heera Asset, UT OFFSHOR
74.722 Neelam Heera Asset, UT OFFSHOR
48.948 Neelam Heera Asset, UT OFFSHOR
72.725 Neelam Heera Asset, UT OFFSHOR
79.152 Neelam Heera Asset, UT OFFSHOR
59.121 Neelam Heera Asset, UT OFFSHOR
92.820 Neelam Heera Asset, UT OFFSHOR
43.451 Neelam Heera Asset, UT OFFSHOR
33.298 Neelam Heera Asset, UT OFFSHOR
34.464 Neelam Heera Asset, UT OFFSHOR
67.966 Neelam Heera Asset, UT OFFSHOR
68.683 Neelam Heera Asset, UT OFFSHOR
57.890 Neelam Heera Asset, UT OFFSHOR
127.636 Neelam Heera Asset, UT OFFSHOR
165.145 Neelam Heera Asset, UT OFFSHOR
129.857 Neelam Heera Asset, UT OFFSHOR
93.136 Neelam Heera Asset, UT OFFSHOR
113.455 Neelam Heera Asset, UT OFFSHOR
78.793 Neelam Heera Asset, UT OFFSHOR
51.781 Neelam Heera Asset, UT OFFSHOR
123.016 Neelam Heera Asset, UT OFFSHOR
116.807 Neelam Heera Asset, UT OFFSHOR
127.263 Neelam Heera Asset, UT OFFSHOR
190.406 Neelam Heera Asset, UT OFFSHOR
110.734 Neelam Heera Asset, UT OFFSHOR
102.838 Neelam Heera Asset, UT OFFSHOR
78.385 Neelam Heera Asset, UT OFFSHOR
183.222 Neelam Heera Asset, UT OFFSHOR
78.497 Neelam Heera Asset, UT OFFSHOR
32.778 Neelam Heera Asset, UT OFFSHOR
61.415 Neelam Heera Asset, UT OFFSHOR
113.632 Neelam Heera Asset, UT OFFSHOR
48.361 Neelam Heera Asset, UT OFFSHOR
78.309 Neelam Heera Asset, UT OFFSHOR
58.999 Neelam Heera Asset, UT OFFSHOR
109.916 Neelam Heera Asset, UT OFFSHOR
0 Neelam Heera Asset, UT OFFSHOR
56.743 Neelam Heera Asset, UT OFFSHOR
167.088 Neelam Heera Asset, UT OFFSHOR
139.812 Neelam Heera Asset, UT OFFSHOR
116.980 Neelam Heera Asset, UT OFFSHOR
120.688 Neelam Heera Asset, UT OFFSHOR
80.110 Neelam Heera Asset, UT OFFSHOR
150.538 Neelam Heera Asset, UT OFFSHOR
102.778 Neelam Heera Asset, UT OFFSHOR
107.751 Neelam Heera Asset, UT OFFSHOR
209.107 Neelam Heera Asset, UT OFFSHOR
148.336 Neelam Heera Asset, UT OFFSHOR
54.338 Neelam Heera Asset, UT OFFSHOR
1.001 Neelam Heera Asset, UT OFFSHOR
29.807 Neelam Heera Asset, UT OFFSHOR
0 Neelam Heera Asset, UT OFFSHOR
135.068 Neelam Heera Asset, UT OFFSHOR
0 Neelam Heera Asset, UT OFFSHOR
422.254 Neelam Heera Asset, UT OFFSHOR
244.538 Neelam Heera Asset, UT OFFSHOR
126.545 Neelam Heera Asset, UT OFFSHOR
96.588 Neelam Heera Asset, UT OFFSHOR
853.808 Neelam Heera Asset, UT OFFSHOR
288.200 Neelam Heera Asset, UT OFFSHOR
357.334 Neelam Heera Asset, UT OFFSHOR
204.476 Neelam Heera Asset, UT OFFSHOR
311.332 Neelam Heera Asset, UT OFFSHOR
204.072 Neelam Heera Asset, UT OFFSHOR
23.444 Neelam Heera Asset, UT OFFSHOR
527.804 Neelam Heera Asset, UT OFFSHOR
89.981 Neelam Heera Asset, UT OFFSHOR
21.913 Neelam Heera Asset, UT OFFSHOR
16.831 Neelam Heera Asset, UT OFFSHOR
710.733 Neelam Heera Asset, UT OFFSHOR
229.472 Neelam Heera Asset, UT OFFSHOR
245.532 Neelam Heera Asset, UT OFFSHOR
401.587 Neelam Heera Asset, UT OFFSHOR
387.827 Neelam Heera Asset, UT OFFSHOR
433.293 Neelam Heera Asset, UT OFFSHOR
309.720 Neelam Heera Asset, UT OFFSHOR
250.937 Neelam Heera Asset, UT OFFSHOR
71.980 Neelam Heera Asset, UT OFFSHOR
55.499 Neelam Heera Asset, UT OFFSHOR
469.905 Neelam Heera Asset, UT OFFSHOR
0 Neelam Heera Asset, UT OFFSHOR
2.946 Bassein&Satellite Asset,UTOFFS
2.715 Bassein&Satellite Asset,UTOFFS
19.833 Bassein&Satellite Asset,UTOFFS
7.241 Bassein&Satellite Asset,UTOFFS
0.604 Bassein&Satellite Asset,UTOFFS
0.666 Bassein&Satellite Asset,UTOFFS
62.348 Bassein&Satellite Asset,UTOFFS
140.488 Bassein&Satellite Asset,UTOFFS
15.592 Bassein&Satellite Asset,UTOFFS
387.307 Bassein&Satellite Asset,UTOFFS
0 Bassein&Satellite Asset,UTOFFS
332.216 Bassein&Satellite Asset,UTOFFS
600.046 Bassein&Satellite Asset,UTOFFS
346.978 Bassein&Satellite Asset,UTOFFS
326.498 Bassein&Satellite Asset,UTOFFS
362.927 Bassein&Satellite Asset,UTOFFS
179.251 Bassein&Satellite Asset,UTOFFS
363.027 Bassein&Satellite Asset,UTOFFS
235.262 Bassein&Satellite Asset,UTOFFS
600.533 Bassein&Satellite Asset,UTOFFS
209.615 Bassein&Satellite Asset,UTOFFS
277.460 Bassein&Satellite Asset,UTOFFS
639.179 Bassein&Satellite Asset,UTOFFS
222.683 Bassein&Satellite Asset,UTOFFS
701.914 Bassein&Satellite Asset,UTOFFS
222.891 Bassein&Satellite Asset,UTOFFS
616.650 Bassein&Satellite Asset,UTOFFS
948.898 Bassein&Satellite Asset,UTOFFS
226.879 Bassein&Satellite Asset,UTOFFS
1212.082 Bassein&Satellite Asset,UTOFFS
973.114 Bassein&Satellite Asset,UTOFFS
443.580 Bassein&Satellite Asset,UTOFFS
419.714 Bassein&Satellite Asset,UTOFFS
339.047 Bassein&Satellite Asset,UTOFFS
333.859 Bassein&Satellite Asset,UTOFFS
859.525 Bassein&Satellite Asset,UTOFFS
347.398 Bassein&Satellite Asset,UTOFFS
557.630 Bassein&Satellite Asset,UTOFFS
88.888 Bassein&Satellite Asset,UTOFFS
111.648 Bassein&Satellite Asset,UTOFFS
581.471 Bassein&Satellite Asset,UTOFFS
827.852 Bassein&Satellite Asset,UTOFFS
468.444 Bassein&Satellite Asset,UTOFFS
971.001 Bassein&Satellite Asset,UTOFFS
18.733 Bassein&Satellite Asset,UTOFFS
433.805 Bassein&Satellite Asset,UTOFFS
0 Bassein&Satellite Asset,UTOFFS
21.504 Bassein&Satellite Asset,UTOFFS
250.846 Bassein&Satellite Asset,UTOFFS
153.488 Bassein&Satellite Asset,UTOFFS
147.595 Bassein&Satellite Asset,UTOFFS
346.935 Bassein&Satellite Asset,UTOFFS
387.247 Bassein&Satellite Asset,UTOFFS
30.840 Bassein&Satellite Asset,UTOFFS
230.706 Bassein&Satellite Asset,UTOFFS
146.766 Bassein&Satellite Asset,UTOFFS
137.612 Bassein&Satellite Asset,UTOFFS
260.154 Bassein&Satellite Asset,UTOFFS
235.550 Bassein&Satellite Asset,UTOFFS
119.968 Bassein&Satellite Asset,UTOFFS
488.266 Bassein&Satellite Asset,UTOFFS
340.451 Bassein&Satellite Asset,UTOFFS
199.807 Bassein&Satellite Asset,UTOFFS
182.909 Bassein&Satellite Asset,UTOFFS
212.987 Bassein&Satellite Asset,UTOFFS
429.254 Bassein&Satellite Asset,UTOFFS
202.173 Bassein&Satellite Asset,UTOFFS
295.916 Bassein&Satellite Asset,UTOFFS
251.457 Bassein&Satellite Asset,UTOFFS
239.079 Bassein&Satellite Asset,UTOFFS
195.830 Bassein&Satellite Asset,UTOFFS
301.352 Bassein&Satellite Asset,UTOFFS
321.855 Bassein&Satellite Asset,UTOFFS
451.417 Bassein&Satellite Asset,UTOFFS
474.743 Bassein&Satellite Asset,UTOFFS
451.321 Bassein&Satellite Asset,UTOFFS
242.360 Bassein&Satellite Asset,UTOFFS
450.730 Bassein&Satellite Asset,UTOFFS
494.654 Bassein&Satellite Asset,UTOFFS
226.166 Bassein&Satellite Asset,UTOFFS
125.309 Bassein&Satellite Asset,UTOFFS
226.586 Bassein&Satellite Asset,UTOFFS
407.873 Bassein&Satellite Asset,UTOFFS
299.063 Bassein&Satellite Asset,UTOFFS
325.870 Bassein&Satellite Asset,UTOFFS
315.704 Bassein&Satellite Asset,UTOFFS
0 Bassein&Satellite Asset,UTOFFS
45.079 Bassein&Satellite Asset,UTOFFS
269.570 Bassein&Satellite Asset,UTOFFS
238.345 Bassein&Satellite Asset,UTOFFS
97.699 Bassein&Satellite Asset,UTOFFS
0 Bassein&Satellite Asset,UTOFFS
776.244 Bassein&Satellite Asset,UTOFFS
99.148 Bassein&Satellite Asset,UTOFFS
58.156 Bassein&Satellite Asset,UTOFFS
417.186 Bassein&Satellite Asset,UTOFFS
88.956 Bassein&Satellite Asset,UTOFFS
88.956 Bassein&Satellite Asset,UTOFFS
98.033 Bassein&Satellite Asset,UTOFFS
30.752 Bassein&Satellite Asset,UTOFFS
778.496 Bassein&Satellite Asset,UTOFFS
280.544 Bassein&Satellite Asset,UTOFFS
256.586 Bassein&Satellite Asset,UTOFFS
280.373 Bassein&Satellite Asset,UTOFFS
682.690 Bassein&Satellite Asset,UTOFFS
260.648 Bassein&Satellite Asset,UTOFFS
0 Bassein&Satellite Asset,UTOFFS
853.497 Bassein&Satellite Asset,UTOFFS
69.956 Bassein&Satellite Asset,UTOFFS
72.002 Bassein&Satellite Asset,UTOFFS
67.217 Bassein&Satellite Asset,UTOFFS
11.817 Bassein&Satellite Asset,UTOFFS
1597.980 Bassein&Satellite Asset,UTOFFS
0 Bassein&Satellite Asset,UTOFFS
21.939 Bassein&Satellite Asset,UTOFFS
2.900 Bassein&Satellite Asset,UTOFFS
929.545 Bassein&Satellite Asset,UTOFFS
8.782 Bassein&Satellite Asset,UTOFFS
160.994 Bassein&Satellite Asset,UTOFFS
307.360 Bassein&Satellite Asset,UTOFFS
339.582 Bassein&Satellite Asset,UTOFFS
234.196 Bassein&Satellite Asset,UTOFFS
49.762 Bassein&Satellite Asset,UTOFFS
40.959 Bassein&Satellite Asset,UTOFFS
120.117 Bassein&Satellite Asset,UTOFFS
213.831 Bassein&Satellite Asset,UTOFFS
323.471 Bassein&Satellite Asset,UTOFFS
316.290 Bassein&Satellite Asset,UTOFFS
140.528 Bassein&Satellite Asset,UTOFFS
92.267 Bassein&Satellite Asset,UTOFFS
240.087 Bassein&Satellite Asset,UTOFFS
398.191 Bassein&Satellite Asset,UTOFFS
124.389 Bassein&Satellite Asset,UTOFFS
389.426 Bassein&Satellite Asset,UTOFFS
32.205 Bassein&Satellite Asset,UTOFFS
483.204 Bassein&Satellite Asset,UTOFFS
70.292 Bassein&Satellite Asset,UTOFFS
65.808 Bassein&Satellite Asset,UTOFFS
65.808 Bassein&Satellite Asset,UTOFFS
212.174 Bassein&Satellite Asset,UTOFFS
175.725 Bassein&Satellite Asset,UTOFFS
302.987 Bassein&Satellite Asset,UTOFFS
89.239 Bassein&Satellite Asset,UTOFFS
79.111 Bassein&Satellite Asset,UTOFFS
234.241 Bassein&Satellite Asset,UTOFFS
46.769 Bassein&Satellite Asset,UTOFFS
184.434 Bassein&Satellite Asset,UTOFFS
41.034 Bassein&Satellite Asset,UTOFFS
106.925 Bassein&Satellite Asset,UTOFFS
36.633 Bassein&Satellite Asset,UTOFFS
1.464 Bassein&Satellite Asset,UTOFFS
33.695 Bassein&Satellite Asset,UTOFFS
16.075 Bassein&Satellite Asset,UTOFFS
80.566 Bassein&Satellite Asset,UTOFFS
40.923 Bassein&Satellite Asset,UTOFFS
1.510 Bassein&Satellite Asset,UTOFFS
1.482 Bassein&Satellite Asset,UTOFFS
178.763 Bassein&Satellite Asset,UTOFFS
127.391 Bassein&Satellite Asset,UTOFFS
275.412 Bassein&Satellite Asset,UTOFFS
80.428 Bassein&Satellite Asset,UTOFFS
81.965 Bassein&Satellite Asset,UTOFFS
187.462 Bassein&Satellite Asset,UTOFFS
175.624 Bassein&Satellite Asset,UTOFFS
260.591 Bassein&Satellite Asset,UTOFFS
194.736 Bassein&Satellite Asset,UTOFFS
131.783 Bassein&Satellite Asset,UTOFFS
21.921 Bassein&Satellite Asset,UTOFFS
80.557 Bassein&Satellite Asset,UTOFFS
73.108 Bassein&Satellite Asset,UTOFFS
0 Bassein&Satellite Asset,UTOFFS
0 Bassein&Satellite Asset,UTOFFS
419.112 Bassein&Satellite Asset,UTOFFS
0 Bassein&Satellite Asset,UTOFFS
198154.76399999973